Turbo Assembler	 Version 4.1	    02/14/22 18:35:08	    Page 1
sec.asm



      1	0000			     .model tiny
      2	0000			     .code
      3				     org 100h
      4
      5				     locals @@
      6
      7				     ;------------------------------------------------
      8				     ; CONSTANTS
      9				     ;------------------------------------------------
     10	      =000A		     start_y	 equ 10
     11	      =001E		     start_x	 equ 30
     12
     13	      =0014		     size_x	 equ 20
     14	      =000A		     size_y	 equ 10
     15
     16	      =0070		     color	 equ 070h    ; black on	white
     17
     18	      =0050		     line_len	 equ 80	     ; length of cmd line
     19				     ;------------------------------------------------
     20
     21	0100			     start:
     22	0100  EB 39 90		     jmp main
     23
     24				     ;------------------------------------------------
     25				     ; DRAW A LINE
     26				     ; Draws a line in console with args:
     27				     ;	 ah - color
     28				     ;	 cx - len
     29				     ;	 si - addr of 3	byte array
     30				     ;	 di - start of line
     31				     ;	 es = 0b800h
     32				     ;
     33				     ; CHANGED:	ax, cx,	si, di,	es
     34				     ;------------------------------------------------
     35	0103			     draw_line proc
     36					 ; evil	string instructions manipulation
     37	0103  AC			 lodsb
     38	0104  AB			 stosw
     39	0105  AC			 lodsb
     40	0106  F3> AB			 rep stosw
     41	0108  AC			 lodsb
     42	0109  AB			 stosw
     43	010A  C3			 ret
     44	010B			     draw_line endp
     45				     ;------------------------------------------------
     46
     47				     ;------------------------------------------------
     48				     ; DRAW A FRAME
     49				     ; Draws a frame in	console	with args:
     50				     ;	 ah - color
     51				     ;	 cx - len
     52				     ;	 si - addr of 9	byte array
     53				     ;	 di - start of line
     54				     ;	 es = 0b800h
     55				     ;
     56				     ; CHANGED:	ax, cx,	si, di,	es
     57				     ;------------------------------------------------
Turbo Assembler	 Version 4.1	    02/14/22 18:35:08	    Page 2
sec.asm



     58	010B			     draw_frame	proc
     59					 ; placed first	so it doesn't affect ax	reg
     60					 ; because es can only be changed by ax
     61	010B  B8 B800			 mov ax, 0b800h
     62	010E  8E C0			 mov es, ax
     63
     64	0110  B4 70			 mov ah, color
     65	0112  B9 0014			 mov cx, size_x
     66	0115  BF 067C			 mov di, 2*((start_y * line_len) + start_x) ; this formula is coord of frame
     67	0118  E8 FFE8			 call draw_line
     68
     69	      =0074			 @@line_offset = 2*line_len - 2	* size_x - 4
     70
     71	011B  B9 000A			 mov cx, size_y
     72	011E				 @@lines:
     73					     ; TODO is it good to manipulate cx	and stk	like this?
     74	011E  51			     push cx
     75	011F  83 C7 74			     add di, @@line_offset
     76	0122  B9 0014			     mov cx, size_x
     77	0125  E8 FFDB			     call draw_line
     78	0128  83 C6 FD			     add si, -3
     79	012B  59			     pop cx
     80	012C  E2 F0			     loop @@lines
     81
     82					 ; print bottom	line
     83	012E  83 C6 03			 add si, 3
     84	0131  83 C7 74			 add di, @@line_offset
     85	0134  B9 0014			 mov cx, size_x
     86	0137  E8 FFC9			 call draw_line
     87
     88	013A  C3			 ret
     89	013B			     draw_frame	endp
     90
     91	013B			     main:
     92					 ; if no args go to default
     93	013B  A1 0080			 mov ax, ds:[80h]
     94	013E  3D 0000			 cmp ax, 0h
     95	0141  74 11			 je @@default_frame
     96
     97	0143  A1 0082			 mov ax, ds:[82h]
     98	0146  3D 0030			 cmp ax, '0'
     99	0149  74 09			 je @@default_frame
    100
    101					 ; TODO	add check for size of the second arg
    102
    103	014B  BE 0084			 mov si, 84h
    104	014E  E8 FFBA			 call draw_frame
    105	0151  EB 07 90			 jmp @@ret
    106
    107	0154			     @@default_frame:
    108	0154  BE 015Fr			 mov si, offset	frame_borders
    109	0157  E8 FFB1			 call draw_frame
    110
    111	015A			     @@ret:  ; exit 0
    112	015A  B8 4C00			 mov ax, 4c00h
    113	015D  CD 21			 int 21h
    114
Turbo Assembler	 Version 4.1	    02/14/22 18:35:08	    Page 3
sec.asm



    115	015F  2B 2D 2B 7C 20 7C	2B+	 frame_borders db "+-+|	|+-+"
    116	      2D 2B
    117
    118				     end start
Turbo Assembler	 Version 4.1	    02/14/22 18:35:08	    Page 4
Symbol Table




Symbol Name			  Type	 Value

??DATE				  Text	 "02/14/22"
??FILENAME			  Text	 "sec	  "
??TIME				  Text	 "18:35:08"
??VERSION			  Number 040A
@32BIT				  Text	 0
@@DEFAULT_FRAME			  Near	 DGROUP:0154
@@LINES				  Near	 DGROUP:011E
@@LINE_OFFSET			  Number 0074
@@RET				  Near	 DGROUP:015A
@CODE				  Text	 DGROUP
@CODESIZE			  Text	 0
@CPU				  Text	 0101H
@CURSEG				  Text	 _TEXT
@DATA				  Text	 DGROUP
@DATASIZE			  Text	 0
@FILENAME			  Text	 SEC
@INTERFACE			  Text	 000H
@MODEL				  Text	 1
@STACK				  Text	 DGROUP
@WORDSIZE			  Text	 2
COLOR				  Number 0070
DRAW_FRAME			  Near	 DGROUP:010B
DRAW_LINE			  Near	 DGROUP:0103
FRAME_BORDERS			  Byte	 DGROUP:015F
LINE_LEN			  Number 0050
MAIN				  Near	 DGROUP:013B
SIZE_X				  Number 0014
SIZE_Y				  Number 000A
START				  Near	 DGROUP:0100
START_X				  Number 001E
START_Y				  Number 000A

Groups & Segments		  Bit Size Align  Combine Class

DGROUP				  Group
  _DATA				  16  0000 Word	  Public  DATA
  _TEXT				  16  0168 Word	  Public  CODE
