     1                                  global _start
     2                                  
     3                                  extern GetStdHandle
     4                                  extern WriteConsoleA
     5                                  extern ExitProcess
     6                                  
     7                                  ; First arg is str and second is length
     8                                  %macro WRITE 2
     9                                  ; WriteConsole( STD_OUTPUT_HANDLE, strbuffer, numofchar, numwritten, double 0)
    10                                          push    dword 0         
    11                                          push    numCharsWritten
    12                                          push    dword %2    
    13                                          push    qword %1             
    14                                          push    dword    [STDOutputHandle]
    15                                          call    WriteConsoleA
    16                                  %endmacro ; WRITE
    17                                  
    18                                  section .data
    19 00000000 4B656C6C6F2C20776F-             str:     db 'Kello, world!', 0x0D, 0x0A, 0 ; \r\n\0
    19 00000009 726C64210D0A00     
    20                                          strLen:  equ $-str
    21                                  
    22                                  section .bss
    23 00000000 ????????                        numCharsWritten:        resd 1
    24 00000004 ????????                        STDOutputHandle         resd 1
    25                                  
    26                                  section .text
    27                                  
    28                                  _start:
    29                                  
    30                                          ; GetStdHandle( STD_OUTPUT_HANDLE )
    31 00000000 6AF5                            push    dword -11
    32 00000002 E8(00000000)                    call    GetStdHandle ; returns in eax
    33 00000007 890425[04000000]                mov [STDOutputHandle], eax
    34                                  
    35 0000000E 6A00                            push    dword 0         
    36 00000010 68[00000000]                    push    numCharsWritten
    37 00000015 6A10                            push    dword strLen    
    38 00000017 68[00000000]                    push    qword str             
    39                                          push    dword    [STDOutputHandle]
    39          ******************       error: instruction not supported in 64-bit mode
    40 0000001C E8(00000000)                    call    WriteConsoleA
    41                                  
    42                                  ;        WRITE str, strLen
    43                                  
    44                                          ; ExitProcess( 0 )
    45 00000021 6A00                            push    dword 0   
    46 00000023 E8(00000000)                    call    ExitProcess
    47                                          
